     1                                  bits 64
     2                                  default rel                     ; This allows compilation without /largeaddressaware:no
     3                                  
     4                                  segment .data
     5 00000000 04000000                    dd 4
     6 00000004 CDCC8C40                    dd 4.4
     7 00000008 00000000<rep Ah>            times 10 dd 0               ; pseudo-op that allocated 10 dwords
     8 00000030 01000200                    dw 1, 2
     9 00000034 FB                          db 0xfb
    10 00000035 68656C6C6F20776F72-         db "hello world", 0
    10 0000003E 6C6400             
    11 00000041 AF00000000000000            a dq 175
    12 00000049 0110000000000000            b dq 4097
    13 00000051 0200000000000000            c dq 2
    14 00000059 0000000000000000            sum dq 0
    15                                  
    16                                  segment .bss
    17 00000000 <res 4h>                    resd    1
    18 00000004 <res 28h>                   resd    10
    19 0000002C <res 64h>                   resb    100
    20                                  
    21 00000090 <res 50h>                   myArray resq    10
    22                                  
    23                                  segment .text
    24                                  global main                     ; tell linker about main
    25                                  extern ExitProcess
    26                                  
    27                                  main:
    28                                  
    29 00000000 55                          push   rbp                 ; set up a stack frame
    30 00000001 4889E5                      mov    rbp, rsp            ; rbp now points to stack frame
    31 00000004 4883EC20                    sub    rsp, 32             ; leave room for shadow parameters
    32                                                                 ; rsp on a 16 byte boundary
    33 00000008 B840000000                  mov    rax, 64
    34                                  
    35 0000000D 480FBA2D(90000000)-         bts    qword [myArray], 4   ; Set bit 4 of myArray
    35 00000015 04                 
    36 00000016 480FBA2D(90000000)-         bts    qword [myArray], 7   ; Set bit 7 of myArray
    36 0000001E 07                 
    37 0000001F 480FBA2D(90000000)-         bts    qword [myArray], 8   ; Set bit 8 of myArray
    37 00000027 08                 
    38 00000028 480FBA2D(98000000)-         bts    qword [myArray + 8], 12   ; Set bit 76 of myArray
    38 00000030 0C                 
    39                                  
    40 00000031 B84C000000                  mov    rax, 76
    41 00000036 4889C3                      mov    rbx, rax
    42 00000039 48C1EB06                    shr    rbx, 6
    43 0000003D 4889C1                      mov    rcx, rax
    44 00000040 4883E13F                    and    rcx, 0x3f            ; Extract rightmost 6 bits
    45 00000044 31D2                        xor    edx, edx
    46                                  
    47 00000046 4C8D1D(90000000)            lea    r11, [myArray]       ; RIP relative addressing for x64; load the table address in a register first, then access the table via the register
    48 0000004D 490FA30CDB                  bt    [r11 + 8 * rbx], rcx  ; 8
    49 00000052 0F92C2                      setc    dl                  ; edx equals the tested bit
    50 00000055 490FB30CDB                  btr    [r11 + 8 * rbx], rcx ; clear the bit, remove
    51 0000005A 490FAB0CDB                  bts    [r11 + 8 * rbx], rcx ; set the bit, insert into set
    52 0000005F 4831C0                      xor    rax, rax
    53                                  
    54                                  
    55 00000062 41B902000000                mov    r9, 2
    56 00000068 49F7E1                      mul    r9
    57 0000006B 41B804000000                mov    r8, 4
    58                                  
    59 00000071 49F7F0                      div    r8
    60 00000074 49F7F9                      idiv    r9
    61                                  
    62 00000077 49F7D0                      not    r8
    63 0000007A 4D21C8                      and    r8, r9
    64 0000007D 4D09C8                      or    r8, r9
    65 00000080 4D31C0                      xor    r8, r8
    66                                  
    67 00000083 48F7D8                      neg    rax
    68 00000086 48C1F808                    sar    rax, 8
    69 0000008A 48C1E008                    shl    rax, 8
    70 0000008E 48C1E808                    shr    rax, 8
    71 00000092 48C1C818                    ror    rax, 24
    72 00000096 48C1C030                    rol    rax, 48
    73                                  
    74 0000009A 488B05(41000000)            mov    rax, [a]
    75 000000A1 480305(49000000)            add    rax, [b]
    76                                  
    77 000000A8 BB00010000                  mov    rbx, 256
    78                                  
    79 000000AD 486B05(41000000)64          imul    rax, [a], 100
    80                                  
    81 000000B5 48F7EB                      imul    rbx
    82                                  
    83 000000B8 48FFC0                      inc    rax
    84 000000BB 48FFC8                      dec    rax
    85 000000BE 4883E832                    sub    rax, 50
    86                                  
    87 000000C2 4831D2                      xor rdx, rdx
    88 000000C5 4881C240420F00              add rdx, 1000000
    89                                  
    90 000000CC 488905(59000000)            mov    [sum], rax
    91 000000D3 4889C3                      mov    rbx, rax
    92                                  
    93 000000D6 480FBE05(41000000)          movsx    rax, byte [a]      ; move byte and sign extend
    94 000000DE 480FB71D(49000000)          movzx    rbx, word [b]      ; move word and zero extend
    95 000000E6 48630D(49000000)            movsxd    rcx, dword [b]    ; move dword and sign extend
    96                                  
    97 000000ED 48F7DB                      neg    rbx
    98 000000F0 48F71D(59000000)            neg    qword [sum]
    99 000000F7 48F71D(49000000)            neg    qword [b]
   100                                  
   101 000000FE 488B15(49000000)            mov    rdx, [b]
   102                                  
   103                                      ; Testing conditional moves to avoid branching
   104 00000105 4889C3                      mov    rbx, rax
   105 00000108 48F7D8                      neg    rax
   106 0000010B 482D00E1F505                sub    rax, 100000000
   107 00000111 480F4CC1                    cmovl    rax, rcx
   108                                  
   109 00000115 31C0                        xor    eax, eax            ; clear rax = 0 for ret value
   110 00000117 C9                          leave                      ; undo stack frame changes
   111                                      ; ret
   112 00000118 E8(00000000)                call ExitProcess
   112          ******************       error: binary output format does not support external references
